<UILayoutContainerView; frame = (0 0; 428 926); clipsToBounds = YES; autoresize = W+H; gestureRecognizers = <NSArray>; layer = <CALayer>>
   | <UINavigationTransitionView; frame = (0 0; 428 926); clipsToBounds = YES; autoresize = W+H; layer = <CALayer>>
   |    | <UIViewControllerWrapperView; frame = (0 0; 428 926); autoresize = W+H; layer = <CALayer>>
   |    |    | <UICollectionViewControllerWrapperView; frame = (0 0; 428 926); autoresize = W+H; layer = <CALayer>>
   |    |    |    | <UICollectionView; frame = (0 0; 428 926); clipsToBounds = YES; autoresize = W+H; gestureRecognizers = <NSArray>; layer = <CALayer>; contentOffset: {0, -91}; contentSize: {428, 330}; adjustedContentInset: {91, 0, 0, 0}; layout: <UICollectionViewCompositionalLayout>; dataSource: <WeatherApp.WeatherViewController>>
   |    |    |    |    | <WeatherApp.CityCollectionViewCell; baseClass = UICollectionViewCell; frame = (0 0; 428 90); clipsToBounds = YES; opaque = NO; layer = <CALayer>>
   |    |    |    |    |    | <UIView; frame = (0 0; 428 90); autoresize = RM+BM; layer = <CALayer>>
   |    |    |    |    |    |    | <UIView; frame = (0 0; 428 90); autoresize = RM+BM; layer = <CALayer>>
   |    |    |    |    |    |    |    | <UIStackView; frame = (154 11; 120 68.3333); opaque = NO; autoresize = RM+BM; layer = <CALayer>>
   |    |    |    |    |    |    |    |    | <UILabel; frame = (0 0; 120 48); text = 'Madrid'; opaque = NO; autoresize = RM+BM; userInteractionEnabled = NO; layer = <_UILabelLayer>>
   |    |    |    |    |    |    |    |    | <UILabel; frame = (24.6667 48; 71 20.3333); text = 'Light rain'; opaque = NO; autoresize = RM+BM; userInteractionEnabled = NO; layer = <_UILabelLayer>>
   |    |    |    |    | <WeatherApp.TemperatureCollectionViewCell; baseClass = UICollectionViewCell; frame = (0 90; 428 140); clipsToBounds = YES; opaque = NO; layer = <CALayer>>
   |    |    |    |    |    | <UIView; frame = (0 0; 428 140); autoresize = RM+BM; layer = <CALayer>>
   |    |    |    |    |    |    | <UIView; frame = (0 0; 428 140); autoresize = RM+BM; layer = <CALayer>>
   |    |    |    |    |    |    |    | <UIStackView; frame = (129.333 0; 169.667 109.667); opaque = NO; autoresize = RM+BM; layer = <CALayer>>
   |    |    |    |    |    |    |    |    | <UILabel; frame = (0 0; 169.667 99.3333); text = '10.8°'; opaque = NO; autoresize = RM+BM; userInteractionEnabled = NO; layer = <_UILabelLayer>>
   |    |    |    |    |    |    |    |    | <UILabel; frame = (0 89.3333; 169.667 20.3333); text = 'H: 10.9° L: 10.8°'; opaque = NO; autoresize = RM+BM; userInteractionEnabled = NO; layer = <_UILabelLayer>>
   |    |    |    |    | <_UIScrollViewScrollIndicator; frame = (422 508; 3 324); alpha = 0; autoresize = LM; layer = <CALayer>>
   |    |    |    |    |    | <UIView; frame = (0 0; 3 324); layer = <CALayer>>
   |    |    |    |    | <_UIScrollViewScrollIndicator; frame = (3 829; 422 3); alpha = 0; autoresize = TM; layer = <CALayer>>
   |    |    |    |    |    | <UIView; frame = (0 0; 422 3); layer = <CALayer>>
   |    |    |    |    | <_UICollectionViewOrthogonalScrollerEmbeddedScrollView; frame = (0 230; 428 100); gestureRecognizers = <NSArray>; layer = <CALayer>; contentOffset: {0, 230}; contentSize: {3040, 100}; adjustedContentInset: {-230, 0, 0, 0}>
   |    |    |    |    |    | <WeatherApp.DailyForecastCollectionViewCell; baseClass = UICollectionViewCell; frame = (306 232; 72 96); clipsToBounds = YES; opaque = NO; layer = <CALayer>>
   |    |    |    |    |    |    | <UIView; frame = (0 0; 72 96); autoresize = RM+BM; layer = <CALayer>>
   |    |    |    |    |    |    |    | <UIView; frame = (0 0; 72 96); autoresize = RM+BM; layer = <CALayer>>
   |    |    |    |    |    |    |    |    | <UIStackView; frame = (0 0; 72 96); opaque = NO; autoresize = RM+BM; layer = <CALayer>>
   |    |    |    |    |    |    |    |    |    | <UILabel; frame = (22 0; 28 24); text = '7.2°'; opaque = NO; autoresize = RM+BM; userInteractionEnabled = NO; layer = <_UILabelLayer>>
   |    |    |    |    |    |    |    |    |    | <UIImageView; frame = (23.6667 26.6667; 25 19.3333); clipsToBounds = YES; opaque = NO; autoresize = RM+BM; userInteractionEnabled = NO; tintColor = <UIDynamicCatalogColor; name = ForeGroundColor>; layer = <CALayer>>
   |    |    |    |    |    |    |    |    |    | <UILabel; frame = (14.3333 48; 43.6667 24); text = '08/02'; opaque = NO; autoresize = RM+BM; userInteractionEnabled = NO; layer = <_UILabelLayer>>
   |    |    |    |    |    |    |    |    |    | <UILabel; frame = (13 72; 46 24); text = '03:00'; opaque = NO; autoresize = RM+BM; userInteractionEnabled = NO; layer = <_UILabelLayer>>
   |    |    |    |    |    | <WeatherApp.DailyForecastCollectionViewCell; baseClass = UICollectionViewCell; frame = (230 232; 72 96); clipsToBounds = YES; opaque = NO; layer = <CALayer>>
   |    |    |    |    |    |    | <UIView; frame = (0 0; 72 96); autoresize = RM+BM; layer = <CALayer>>
   |    |    |    |    |    |    |    | <UIView; frame = (0 0; 72 96); autoresize = RM+BM; layer = <CALayer>>
   |    |    |    |    |    |    |    |    | <UIStackView; frame = (0 0; 72 96); opaque = NO; autoresize = RM+BM; layer = <CALayer>>
   |    |    |    |    |    |    |    |    |    | <UILabel; frame = (22 0; 28 24); text = '7.5°'; opaque = NO; autoresize = RM+BM; userInteractionEnabled = NO; layer = <_UILabelLayer>>
   |    |    |    |    |    |    |    |    |    | <UIImageView; frame = (23.6667 26.6667; 25 19.3333); clipsToBounds = YES; opaque = NO; autoresize = RM+BM; userInteractionEnabled = NO; tintColor = <UIDynamicCatalogColor; name = ForeGroundColor>; layer = <CALayer>>
   |    |    |    |    |    |    |    |    |    | <UILabel; frame = (14.3333 48; 43.6667 24); text = '08/02'; opaque = NO; autoresize = RM+BM; userInteractionEnabled = NO; layer = <_UILabelLayer>>
   |    |    |    |    |    |    |    |    |    | <UILabel; frame = (13 72; 46 24); text = '00:00'; opaque = NO; autoresize = RM+BM; userInteractionEnabled = NO; layer = <_UILabelLayer>>
   |    |    |    |    |    | <WeatherApp.DailyForecastCollectionViewCell; baseClass = UICollectionViewCell; frame = (382 232; 72 96); clipsToBounds = YES; opaque = NO; layer = <CALayer>>
   |    |    |    |    |    |    | <UIView; frame = (0 0; 72 96); autoresize = RM+BM; layer = <CALayer>>
   |    |    |    |    |    |    |    | <UIView; frame = (0 0; 72 96); autoresize = RM+BM; layer = <CALayer>>
   |    |    |    |    |    |    |    |    | <UIStackView; frame = (0 0; 72 96); opaque = NO; autoresize = RM+BM; layer = <CALayer>>
   |    |    |    |    |    |    |    |    |    | <UILabel; frame = (21 0; 30.3333 24); text = '5.8°'; opaque = NO; autoresize = RM+BM; userInteractionEnabled = NO; layer = <_UILabelLayer>>
   |    |    |    |    |    |    |    |    |    | <UIImageView; frame = (23.6667 26.6667; 25 19.3333); clipsToBounds = YES; opaque = NO; autoresize = RM+BM; userInteractionEnabled = NO; tintColor = <UIDynamicCatalogColor; name = ForeGroundColor>; layer = <CALayer>>
   |    |    |    |    |    |    |    |    |    | <UILabel; frame = (14.3333 48; 43.6667 24); text = '08/02'; opaque = NO; autoresize = RM+BM; userInteractionEnabled = NO; layer = <_UILabelLayer>>
   |    |    |    |    |    |    |    |    |    | <UILabel; frame = (13 72; 46 24); text = '06:00'; opaque = NO; autoresize = RM+BM; userInteractionEnabled = NO; layer = <_UILabelLayer>>
   |    |    |    |    |    | <WeatherApp.DailyForecastCollectionViewCell; baseClass = UICollectionViewCell; frame = (2 232; 72 96); clipsToBounds = YES; opaque = NO; layer = <CALayer>>
   |    |    |    |    |    |    | <UIView; frame = (0 0; 72 96); autoresize = RM+BM; layer = <CALayer>>
   |    |    |    |    |    |    |    | <UIView; frame = (0 0; 72 96); autoresize = RM+BM; layer = <CALayer>>
   |    |    |    |    |    |    |    |    | <UIStackView; frame = (0 0; 72 96); opaque = NO; autoresize = RM+BM; layer = <CALayer>>
   |    |    |    |    |    |    |    |    |    | <UILabel; frame = (17.3333 0; 37.3333 24); text = '10.8°'; opaque = NO; autoresize = RM+BM; userInteractionEnabled = NO; layer = <_UILabelLayer>>
   |    |    |    |    |    |    |    |    |    | <UIImageView; frame = (23.6667 24.6667; 25 25); clipsToBounds = YES; opaque = NO; autoresize = RM+BM; userInteractionEnabled = NO; tintColor = <UIDynamicCatalogColor; name = ForeGroundColor>; layer = <CALayer>>
   |    |    |    |    |    |    |    |    |    | <UILabel; frame = (15.3333 48; 41.6667 24); text = '07/02'; opaque = NO; autoresize = RM+BM; userInteractionEnabled = NO; layer = <_UILabelLayer>>
   |    |    |    |    |    |    |    |    |    | <UILabel; frame = (14.6667 72; 43 24); text = '15:00'; opaque = NO; autoresize = RM+BM; userInteractionEnabled = NO; layer = <_UILabelLayer>>
   |    |    |    |    |    | <WeatherApp.DailyForecastCollectionViewCell; baseClass = UICollectionViewCell; frame = (154 232; 72 96); clipsToBounds = YES; opaque = NO; layer = <CALayer>>
   |    |    |    |    |    |    | <UIView; frame = (0 0; 72 96); autoresize = RM+BM; layer = <CALayer>>
   |    |    |    |    |    |    |    | <UIView; frame = (0 0; 72 96); autoresize = RM+BM; layer = <CALayer>>
   |    |    |    |    |    |    |    |    | <UIStackView; frame = (0 0; 72 96); opaque = NO; autoresize = RM+BM; layer = <CALayer>>
   |    |    |    |    |    |    |    |    |    | <UILabel; frame = (21 0; 30.3333 24); text = '8.6°'; opaque = NO; autoresize = RM+BM; userInteractionEnabled = NO; layer = <_UILabelLayer>>
   |    |    |    |    |    |    |    |    |    | <UIImageView; frame = (23.6667 24.6667; 25 25); clipsToBounds = YES; opaque = NO; autoresize = RM+BM; userInteractionEnabled = NO; tintColor = <UIDynamicCatalogColor; name = ForeGroundColor>; layer = <CALayer>>
   |    |    |    |    |    |    |    |    |    | <UILabel; frame = (15.3333 48; 41.6667 24); text = '07/02'; opaque = NO; autoresize = RM+BM; userInteractionEnabled = NO; layer = <_UILabelLayer>>
   |    |    |    |    |    |    |    |    |    | <UILabel; frame = (14.6667 72; 42.6667 24); text = '21:00'; opaque = NO; autoresize = RM+BM; userInteractionEnabled = NO; layer = <_UILabelLayer>>
   |    |    |    |    |    | <WeatherApp.DailyForecastCollectionViewCell; baseClass = UICollectionViewCell; frame = (78 232; 72 96); clipsToBounds = YES; opaque = NO; layer = <CALayer>>
   |    |    |    |    |    |    | <UIView; frame = (0 0; 72 96); autoresize = RM+BM; layer = <CALayer>>
   |    |    |    |    |    |    |    | <UIView; frame = (0 0; 72 96); autoresize = RM+BM; layer = <CALayer>>
   |    |    |    |    |    |    |    |    | <UIStackView; frame = (0 0; 72 96); opaque = NO; autoresize = RM+BM; layer = <CALayer>>
   |    |    |    |    |    |    |    |    |    | <UILabel; frame = (21 0; 30 24); text = '9.5°'; opaque = NO; autoresize = RM+BM; userInteractionEnabled = NO; layer = <_UILabelLayer>>
   |    |    |    |    |    |    |    |    |    | <UIImageView; frame = (23.6667 24.6667; 25 25); clipsToBounds = YES; opaque = NO; autoresize = RM+BM; userInteractionEnabled = NO; tintColor = <UIDynamicCatalogColor; name = ForeGroundColor>; layer = <CALayer>>
   |    |    |    |    |    |    |    |    |    | <UILabel; frame = (15.3333 48; 41.6667 24); text = '07/02'; opaque = NO; autoresize = RM+BM; userInteractionEnabled = NO; layer = <_UILabelLayer>>
   |    |    |    |    |    |    |    |    |    | <UILabel; frame = (14.3333 72; 43.3333 24); text = '18:00'; opaque = NO; autoresize = RM+BM; userInteractionEnabled = NO; layer = <_UILabelLayer>>
   | <UINavigationBar; frame = (0 47; 428 44); opaque = NO; autoresize = W; layer = <CALayer>>
   |    | <_UIBarBackground; frame = (0 -47; 428 91); userInteractionEnabled = NO; layer = <CALayer>>
   |    |    | <UIVisualEffectView; frame = (0 0; 428 91); layer = <CALayer>> effect=none
   |    |    |    | <_UIVisualEffectBackdropView; frame = (0 0; 428 91); autoresize = W+H; userInteractionEnabled = NO; layer = <UICABackdropLayer>>
   |    |    |    | <_UIVisualEffectSubview; frame = (0 0; 428 91); autoresize = W+H; userInteractionEnabled = NO; layer = <CALayer>>
   |    |    |    | <_UIVisualEffectSubview; frame = (0 0; 428 91); alpha = 0.85; autoresize = W+H; userInteractionEnabled = NO; layer = <CALayer>>
   |    |    | <_UIBarBackgroundShadowView; frame = (0 91; 428 0.333333); layer = <CALayer>> clientRequestedContentView effect=none
   |    |    |    | <_UIBarBackgroundShadowContentImageView; frame = (0 0; 428 0.333333); autoresize = W+H; userInteractionEnabled = NO; layer = <CALayer>>
   |    | <_UINavigationBarContentView; frame = (0 0; 428 44); layer = <CALayer>> layout=
   |    |    | <_UIButtonBarStackView; frame = (270.667 0; 137.333 44); layer = <CALayer>> buttonBar=
   |    |    |    | <UIStackView; frame = (0 6.66667; 137.333 31); layer = <CALayer>>
   |    |    |    |    | <UILabel; frame = (0 0; 80.3333 31); text = 'Use cache'; userInteractionEnabled = NO; layer = <_UILabelLayer>>
   |    |    |    |    | <UISwitch; frame = (88.3333 0; 51 31); layer = <CALayer>>
   |    |    |    |    |    | <UISwitchModernVisualElement; frame = (0 0; 51 31); gestureRecognizers = <NSArray>; layer = <CALayer>>
   |    |    |    |    |    |    | <UIView; frame = (0 0; 51 31); layer = <CALayer>>
   |    |    |    |    |    |    | <UIView; frame = (0 0; 51 31); layer = <CALayer>>
   |    |    |    |    |    |    |    | <UIImageView; frame = (-459 0; 510 31); hidden = YES; opaque = NO; userInteractionEnabled = NO; tintColor = <UIDynamicCatalogColor; name = ForeGroundColor>; layer = <CALayer>>
   |    |    |    |    |    |    |    | <UIView; frame = (0 0; 51 31); layer = <CALayer>>
   |    |    |    |    |    |    |    |    | <UIImageView; frame = (38.6667 16; 0 0); userInteractionEnabled = NO; tintColor = <UIDynamicSystemColor; name = _switchOffImageColor>; layer = <CALayer>>
   |    |    |    |    |    |    |    |    | <UIImageView; frame = (12 16; 0 0); alpha = 0; userInteractionEnabled = NO; tintColor = UIExtendedGrayColorSpace 1 1; layer = <CALayer>>
   |    |    |    |    |    |    |    | <UIImageView; frame = (-6 -3; 43 43); opaque = NO; userInteractionEnabled = NO; tintColor = <UIDynamicCatalogColor; name = ForeGroundColor>; layer = <CALayer>>
   |    | <UIView; frame = (0 0; 0 0); userInteractionEnabled = NO; layer = <CALayer>>